token: begin	lexical unit: BEG
token: a	lexical unit: VARNAME
token: :=	lexical unit: ASSIGN
token: b	lexical unit: VARNAME
token: +	lexical unit: PLUS
token: c	lexical unit: VARNAME
token: -	lexical unit: MINUS
token: d	lexical unit: VARNAME
token: *	lexical unit: TIMES
token: e	lexical unit: VARNAME
token: /	lexical unit: DIVIDE
token: f	lexical unit: VARNAME
token: ...	lexical unit: DOTS
token: end	lexical unit: END
