token: begin	lexical unit: BEG
token: while	lexical unit: WHILE
token: a	lexical unit: VARNAME
token: <	lexical unit: SMALLER
token: b	lexical unit: VARNAME
token: do	lexical unit: DO
token: begin	lexical unit: BEG
token: a	lexical unit: VARNAME
token: :=	lexical unit: ASSIGN
token: a	lexical unit: VARNAME
token: +	lexical unit: PLUS
token: 1	lexical unit: NUMBER
token: ...	lexical unit: DOTS
token: end	lexical unit: END
token: ...	lexical unit: DOTS
token: end	lexical unit: END
